using System;
using System.Collections.Generic;
using System.ComponentModel.DataAnnotations;
using System.ComponentModel.DataAnnotations.Schema;

namespace E2ETest.Namespace
{
    public partial class UnmappablePKColumn
    {
        public int UnmappablePKColumnID { get; set; }
        [Required]
        [MaxLength(20)]
        public string AColumn { get; set; }
        public int ValueGeneratedOnAddColumn { get; set; }
    }
}
