using System;
using System.Collections.Generic;

namespace E2ETest.Namespace
{
    public partial class UnmappablePKColumn
    {
        public int UnmappablePKColumnID { get; set; }
        public string AColumn { get; set; }
        public int ValueGeneratedOnAddColumn { get; set; }
    }
}
